// Jest Snapshot v1, https://goo.gl/fbAQLP

exports[`Button Can render 1`] = `
ShallowWrapper {
  "length": 1,
  Symbol(enzyme.__root__): [Circular],
  Symbol(enzyme.__unrendered__): <Button
    label="button label"
    onClick={[MockFunction]}
  />,
  Symbol(enzyme.__renderer__): Object {
    "batchedUpdates": [Function],
    "getNode": [Function],
    "render": [Function],
    "simulateEvent": [Function],
    "unmount": [Function],
  },
  Symbol(enzyme.__node__): Object {
    "instance": null,
    "key": undefined,
    "nodeType": "host",
    "props": Object {
      "children": <input
        onClick={[MockFunction]}
        type="button"
        value="button label"
      />,
      "className": "row",
    },
    "ref": null,
    "rendered": Object {
      "instance": null,
      "key": undefined,
      "nodeType": "host",
      "props": Object {
        "onClick": [MockFunction],
        "type": "button",
        "value": "button label",
      },
      "ref": null,
      "rendered": null,
      "type": "input",
    },
    "type": "div",
  },
  Symbol(enzyme.__nodes__): Array [
    Object {
      "instance": null,
      "key": undefined,
      "nodeType": "host",
      "props": Object {
        "children": <input
          onClick={[MockFunction]}
          type="button"
          value="button label"
        />,
        "className": "row",
      },
      "ref": null,
      "rendered": Object {
        "instance": null,
        "key": undefined,
        "nodeType": "host",
        "props": Object {
          "onClick": [MockFunction],
          "type": "button",
          "value": "button label",
        },
        "ref": null,
        "rendered": null,
        "type": "input",
      },
      "type": "div",
    },
  ],
  Symbol(enzyme.__options__): Object {
    "adapter": ReactSixteenAdapter {
      "options": Object {
        "enableComponentDidUpdateOnSetState": true,
      },
    },
  },
}
`;
